2025-02-18 14:06:32,935 [INFO] KartenWarp: Logging started in C:\Github\TR_mod\.tools\KartenWarp\dev\temp\run_20250218_140632
2025-02-18 14:06:32,935 [INFO] KartenWarp: Transformation logger configured
2025-02-18 14:06:32,935 [DEBUG] KartenWarp: Initializing SceneState
2025-02-18 14:06:33,030 [DEBUG] KartenWarp: Extracted 100 localization keys from source code.
2025-02-18 14:06:33,030 [DEBUG] KartenWarp: Updated de.json with 100 keys. Written to temp folder.
2025-02-18 14:06:33,030 [DEBUG] KartenWarp: Updated en.json with 100 keys. Written to temp folder.
2025-02-18 14:06:33,030 [DEBUG] KartenWarp: Updated ja.json with 100 keys. Written to temp folder.
2025-02-18 14:06:33,030 [DEBUG] KartenWarp: Loaded localization from C:\Github\TR_mod\.tools\KartenWarp\dev\temp\ja.json
2025-02-18 14:06:33,048 [DEBUG] KartenWarp: theme.py module loaded
2025-02-18 14:06:33,077 [DEBUG] KartenWarp: SceneState.__init__
2025-02-18 14:06:33,077 [DEBUG] KartenWarp: InteractiveScene initialized for game
2025-02-18 14:06:33,078 [DEBUG] KartenWarp: InteractiveScene initialized for real
2025-02-18 14:06:33,079 [DEBUG] KartenWarp: InteractiveView.__init__
2025-02-18 14:06:33,498 [DEBUG] KartenWarp: InteractiveView.__init__
2025-02-18 14:06:33,514 [DEBUG] KartenWarp: Menus created
2025-02-18 14:06:33,514 [DEBUG] KartenWarp: MainWindow initialized
2025-02-18 14:06:33,514 [DEBUG] KartenWarp: Getting dark mode stylesheet
2025-02-18 14:06:33,605 [DEBUG] KartenWarp: SceneState.__init__
2025-02-18 14:06:33,605 [DEBUG] KartenWarp: InteractiveScene initialized for game
2025-02-18 14:06:33,605 [DEBUG] KartenWarp: InteractiveView.__init__
2025-02-18 14:06:33,605 [DEBUG] KartenWarp: DetachedWindow initialized
2025-02-18 14:06:33,605 [DEBUG] KartenWarp: Getting dark mode stylesheet
2025-02-18 14:06:33,628 [INFO] KartenWarp: DetachedWindow closed and mode toggled
2025-02-18 14:06:33,639 [DEBUG] KartenWarp: DetachedWindow initialized
2025-02-18 14:06:33,640 [DEBUG] KartenWarp: Getting dark mode stylesheet
2025-02-18 14:06:33,643 [DEBUG] KartenWarp: DetachedWindow initialized
2025-02-18 14:06:33,643 [DEBUG] KartenWarp: Getting dark mode stylesheet
2025-02-18 14:06:33,679 [INFO] KartenWarp: Entered detached mode
2025-02-18 14:06:33,679 [DEBUG] KartenWarp: Mode toggled to 分離モード
2025-02-18 14:06:33,679 [INFO] KartenWarp: DetachedWindow closed and mode toggled
2025-02-18 14:06:33,679 [INFO] KartenWarp: User confirmed exit. Closing application.
2025-02-18 14:06:33,679 [DEBUG] KartenWarp: SceneState.__init__
2025-02-18 14:06:33,679 [DEBUG] KartenWarp: InteractiveScene initialized for game
2025-02-18 14:06:33,679 [DEBUG] KartenWarp: InteractiveScene initialized for real
2025-02-18 14:06:33,679 [DEBUG] KartenWarp: InteractiveView.__init__
2025-02-18 14:06:33,679 [DEBUG] KartenWarp: InteractiveView.__init__
2025-02-18 14:06:33,679 [DEBUG] KartenWarp: Menus created
2025-02-18 14:06:33,679 [DEBUG] KartenWarp: MainWindow initialized
2025-02-18 14:06:33,679 [DEBUG] KartenWarp: Getting dark mode stylesheet
2025-02-18 14:06:33,710 [DEBUG] KartenWarp: SceneState.__init__
2025-02-18 14:06:33,710 [DEBUG] KartenWarp: InteractiveScene initialized for game
2025-02-18 14:06:33,710 [DEBUG] KartenWarp: InteractiveView.__init__
2025-02-18 14:06:33,710 [DEBUG] KartenWarp: DetachedWindow initialized
2025-02-18 14:06:33,710 [DEBUG] KartenWarp: Getting dark mode stylesheet
2025-02-18 14:06:33,748 [DEBUG] KartenWarp: DetachedWindow initialized
2025-02-18 14:06:33,748 [DEBUG] KartenWarp: Getting dark mode stylesheet
2025-02-18 14:06:33,749 [DEBUG] KartenWarp: DetachedWindow initialized
2025-02-18 14:06:33,749 [DEBUG] KartenWarp: Getting dark mode stylesheet
2025-02-18 14:06:33,792 [INFO] KartenWarp: Entered detached mode
2025-02-18 14:06:33,792 [DEBUG] KartenWarp: Mode toggled to 分離モード
2025-02-18 14:06:33,792 [DEBUG] KartenWarp: Toggle mode key pressed in DetachedWindow
2025-02-18 14:06:33,792 [DEBUG] KartenWarp: DetachedWindow forced close, skipping confirm dialog
2025-02-18 14:06:33,792 [DEBUG] KartenWarp: DetachedWindow force closed
2025-02-18 14:06:33,792 [DEBUG] KartenWarp: DetachedWindow forced close, skipping confirm dialog
2025-02-18 14:06:33,805 [DEBUG] KartenWarp: DetachedWindow force closed
2025-02-18 14:06:33,820 [INFO] KartenWarp: Returned to integrated mode
2025-02-18 14:06:33,820 [DEBUG] KartenWarp: Mode toggled to 統合モード
2025-02-18 14:06:33,820 [INFO] KartenWarp: DetachedWindow closed and mode toggled
2025-02-18 14:06:33,820 [INFO] KartenWarp: User confirmed exit. Closing application.
2025-02-18 14:06:33,836 [DEBUG] KartenWarp: SceneState.__init__
2025-02-18 14:06:33,836 [DEBUG] KartenWarp: InteractiveScene initialized for game
2025-02-18 14:06:33,836 [DEBUG] KartenWarp: InteractiveScene initialized for real
2025-02-18 14:06:33,836 [DEBUG] KartenWarp: InteractiveView.__init__
2025-02-18 14:06:33,842 [DEBUG] KartenWarp: InteractiveView.__init__
2025-02-18 14:06:33,844 [DEBUG] KartenWarp: Menus created
2025-02-18 14:06:33,844 [DEBUG] KartenWarp: MainWindow initialized
2025-02-18 14:06:33,844 [DEBUG] KartenWarp: Getting dark mode stylesheet
2025-02-18 14:06:33,852 [DEBUG] KartenWarp: SceneState.__init__
2025-02-18 14:06:33,859 [DEBUG] KartenWarp: InteractiveScene initialized for game
2025-02-18 14:06:33,860 [DEBUG] KartenWarp: InteractiveView.__init__
2025-02-18 14:06:33,860 [DEBUG] KartenWarp: DetachedWindow initialized
2025-02-18 14:06:33,860 [DEBUG] KartenWarp: Getting dark mode stylesheet
2025-02-18 14:06:33,878 [DEBUG] KartenWarp: Undo executed in DetachedWindow
2025-02-18 14:06:33,878 [DEBUG] KartenWarp: Redo executed in DetachedWindow
2025-02-18 14:06:33,879 [DEBUG] KartenWarp: DetachedWindow initialized
2025-02-18 14:06:33,880 [DEBUG] KartenWarp: Getting dark mode stylesheet
2025-02-18 14:06:33,882 [DEBUG] KartenWarp: DetachedWindow initialized
2025-02-18 14:06:33,882 [DEBUG] KartenWarp: Getting dark mode stylesheet
2025-02-18 14:06:33,899 [INFO] KartenWarp: Entered detached mode
2025-02-18 14:06:33,899 [DEBUG] KartenWarp: Mode toggled to 分離モード
2025-02-18 14:06:33,899 [INFO] KartenWarp: DetachedWindow closed and mode toggled
2025-02-18 14:06:33,914 [INFO] KartenWarp: User confirmed exit. Closing application.
2025-02-18 14:06:33,919 [DEBUG] KartenWarp: SceneState.__init__
2025-02-18 14:06:33,919 [DEBUG] KartenWarp: InteractiveScene initialized for game
2025-02-18 14:06:33,919 [DEBUG] KartenWarp: InteractiveScene initialized for real
2025-02-18 14:06:33,919 [DEBUG] KartenWarp: InteractiveView.__init__
2025-02-18 14:06:33,924 [DEBUG] KartenWarp: InteractiveView.__init__
2025-02-18 14:06:33,924 [DEBUG] KartenWarp: Menus created
2025-02-18 14:06:33,924 [DEBUG] KartenWarp: MainWindow initialized
2025-02-18 14:06:33,924 [DEBUG] KartenWarp: Getting dark mode stylesheet
2025-02-18 14:06:33,951 [DEBUG] KartenWarp: SceneState.__init__
2025-02-18 14:06:33,951 [DEBUG] KartenWarp: InteractiveScene initialized for game
2025-02-18 14:06:33,951 [DEBUG] KartenWarp: InteractiveView.__init__
2025-02-18 14:06:33,951 [DEBUG] KartenWarp: DetachedWindow initialized
2025-02-18 14:06:33,951 [DEBUG] KartenWarp: Getting dark mode stylesheet
2025-02-18 14:06:33,975 [DEBUG] KartenWarp: DetachedWindow initialized
2025-02-18 14:06:33,976 [DEBUG] KartenWarp: Getting dark mode stylesheet
2025-02-18 14:06:33,980 [DEBUG] KartenWarp: DetachedWindow initialized
2025-02-18 14:06:33,980 [DEBUG] KartenWarp: Getting dark mode stylesheet
2025-02-18 14:06:34,023 [INFO] KartenWarp: Entered detached mode
2025-02-18 14:06:34,023 [DEBUG] KartenWarp: Mode toggled to 分離モード
2025-02-18 14:06:34,023 [INFO] KartenWarp: DetachedWindow closed and mode toggled
2025-02-18 14:06:34,023 [INFO] KartenWarp: User confirmed exit. Closing application.
2025-02-18 14:06:34,039 [DEBUG] KartenWarp: SceneState.__init__
2025-02-18 14:06:34,039 [DEBUG] KartenWarp: InteractiveScene initialized for game
2025-02-18 14:06:34,071 [DEBUG] KartenWarp: Updating game points: [(50, 50)]
2025-02-18 14:06:34,071 [DEBUG] KartenWarp: Updating game points: [(50, 50), (100, 100)]
2025-02-18 14:06:34,071 [DEBUG] KartenWarp: HistoryDialog initialized
2025-02-18 14:06:34,071 [DEBUG] KartenWarp: Refreshing history dialog
2025-02-18 14:06:34,089 [DEBUG] KartenWarp: Active scene set
2025-02-18 14:06:34,089 [DEBUG] KartenWarp: Active scene set
2025-02-18 14:06:34,089 [DEBUG] KartenWarp: Active scene set
2025-02-18 14:06:34,089 [DEBUG] KartenWarp: Active scene set
2025-02-18 14:06:34,089 [DEBUG] KartenWarp: Active scene set
2025-02-18 14:06:34,089 [DEBUG] KartenWarp: Active scene set
2025-02-18 14:06:34,293 [DEBUG] KartenWarp: SceneState.__init__
2025-02-18 14:06:34,293 [DEBUG] KartenWarp: InteractiveScene initialized for game
2025-02-18 14:06:34,293 [DEBUG] KartenWarp: Updating game points: [(50, 50)]
2025-02-18 14:06:34,293 [DEBUG] KartenWarp: Updating game points: [(50, 50), (100, 100)]
2025-02-18 14:06:34,293 [DEBUG] KartenWarp: HistoryDialog initialized
2025-02-18 14:06:34,293 [DEBUG] KartenWarp: Refreshing history dialog
2025-02-18 14:06:34,309 [DEBUG] KartenWarp: Active scene set
2025-02-18 14:06:34,532 [DEBUG] KartenWarp: Updating game points: [(50, 50)]
2025-02-18 14:06:34,532 [DEBUG] KartenWarp: Refreshing history dialog
2025-02-18 14:06:34,532 [DEBUG] KartenWarp: Jumped to history index 0
2025-02-18 14:06:34,532 [DEBUG] KartenWarp: SceneState.__init__
2025-02-18 14:06:34,532 [DEBUG] KartenWarp: InteractiveScene initialized for game
2025-02-18 14:06:34,532 [DEBUG] KartenWarp: InteractiveScene initialized for real
2025-02-18 14:06:34,532 [DEBUG] KartenWarp: InteractiveView.__init__
2025-02-18 14:06:34,548 [DEBUG] KartenWarp: InteractiveView.__init__
2025-02-18 14:06:34,548 [DEBUG] KartenWarp: Menus created
2025-02-18 14:06:34,548 [DEBUG] KartenWarp: MainWindow initialized
2025-02-18 14:06:34,548 [DEBUG] KartenWarp: Getting dark mode stylesheet
2025-02-18 14:06:34,579 [DEBUG] KartenWarp: Setting image in scene
2025-02-18 14:06:34,579 [DEBUG] KartenWarp: Active scene set
2025-02-18 14:06:34,579 [DEBUG] KartenWarp: Active scene set
2025-02-18 14:06:34,595 [DEBUG] KartenWarp: Updating game points: []
2025-02-18 14:06:34,595 [DEBUG] KartenWarp: Setting image in scene
2025-02-18 14:06:34,595 [DEBUG] KartenWarp: Updating real points: []
2025-02-18 14:06:34,595 [DEBUG] KartenWarp: Updating game points: [(10, 10)]
2025-02-18 14:06:34,595 [DEBUG] KartenWarp: Updating game points: [(10, 10), (20, 25)]
2025-02-18 14:06:34,595 [DEBUG] KartenWarp: Updating game points: [(10, 10), (20, 25), (30, 30)]
2025-02-18 14:06:34,595 [DEBUG] KartenWarp: Updating real points: [(15, 15)]
2025-02-18 14:06:34,595 [DEBUG] KartenWarp: Updating real points: [(15, 15), (25, 28)]
2025-02-18 14:06:34,595 [DEBUG] KartenWarp: Updating real points: [(15, 15), (25, 28), (35, 35)]
2025-02-18 14:06:34,595 [DEBUG] KartenWarp.Transform: Starting perform_tps_transform
2025-02-18 14:06:34,595 [DEBUG] KartenWarp.Transform: Starting perform_transformation
2025-02-18 14:06:34,595 [DEBUG] KartenWarp: Converting QImage to NumPy array
2025-02-18 14:06:34,595 [DEBUG] KartenWarp.Transform: Computing TPS parameters
2025-02-18 14:06:34,595 [DEBUG] KartenWarp.Transform: Adaptive enabled: adjusted reg_lambda = 0.4166666666666667
2025-02-18 14:06:34,595 [DEBUG] KartenWarp.Transform: TPS parameters computed
2025-02-18 14:06:34,595 [DEBUG] KartenWarp.Transform: Applying TPS warp
2025-02-18 14:06:34,595 [DEBUG] KartenWarp.Transform: TPS warp applied
2025-02-18 14:06:34,595 [DEBUG] KartenWarp.Transform: Transformation performed successfully
2025-02-18 14:06:34,611 [INFO] KartenWarp.Transform: TPS transform completed successfully
2025-02-18 14:06:34,611 [DEBUG] KartenWarp: Initializing ResultWindow
2025-02-18 14:06:34,611 [DEBUG] KartenWarp: Getting dark mode stylesheet
2025-02-18 14:06:34,627 [INFO] KartenWarp: TPS transformation executed successfully
2025-02-18 14:06:34,627 [INFO] KartenWarp: User confirmed exit. Closing application.
2025-02-18 14:06:34,643 [DEBUG] KartenWarp: SceneState.__init__
2025-02-18 14:06:34,643 [DEBUG] KartenWarp: InteractiveScene initialized for game
2025-02-18 14:06:34,649 [DEBUG] KartenWarp: Updating game points: [(100, 200)]
2025-02-18 14:06:34,650 [DEBUG] KartenWarp: Updating game points: [(100, 200), (300, 400)]
2025-02-18 14:06:34,651 [DEBUG] KartenWarp: SceneState.__init__
2025-02-18 14:06:34,651 [DEBUG] KartenWarp: InteractiveScene initialized for game
2025-02-18 14:06:34,652 [DEBUG] KartenWarp: Updating game points: [(10, 20)]
2025-02-18 14:06:34,653 [DEBUG] KartenWarp: SceneState.__init__
2025-02-18 14:06:34,653 [DEBUG] KartenWarp: InteractiveScene initialized for game
2025-02-18 14:06:34,653 [DEBUG] KartenWarp: Setting image in scene
2025-02-18 14:06:34,653 [DEBUG] KartenWarp: Updating game points: []
2025-02-18 14:06:34,653 [DEBUG] KartenWarp: SceneState.__init__
2025-02-18 14:06:34,654 [DEBUG] KartenWarp: InteractiveScene initialized for game
2025-02-18 14:06:34,654 [DEBUG] KartenWarp: Updating game points: [(10, 20)]
2025-02-18 14:06:34,655 [DEBUG] KartenWarp: Updating game points: [(10, 20), (30, 40)]
2025-02-18 14:06:34,656 [DEBUG] KartenWarp: Updating game points: [(10, 20), (30, 40), (50, 60)]
2025-02-18 14:06:34,657 [DEBUG] KartenWarp: Updating game points: [(10, 20), (30, 40)]
2025-02-18 14:06:34,657 [DEBUG] KartenWarp: Updating game points: [(10, 20)]
2025-02-18 14:06:34,658 [DEBUG] KartenWarp: Updating game points: [(10, 20), (30, 40)]
2025-02-18 14:06:34,663 [DEBUG] KartenWarp: Updating game points: [(10, 20), (30, 40), (50, 60)]
2025-02-18 14:06:34,663 [DEBUG] KartenWarp: SceneState.__init__
2025-02-18 14:06:34,663 [DEBUG] KartenWarp: InteractiveScene initialized for game
2025-02-18 14:06:34,664 [DEBUG] KartenWarp: InteractiveView.__init__
2025-02-18 14:06:34,714 [DEBUG] KartenWarp: Panning started
2025-02-18 14:06:34,714 [DEBUG] KartenWarp: Panning ended
2025-02-18 14:06:34,714 [DEBUG] KartenWarp: SceneState.__init__
2025-02-18 14:06:34,714 [DEBUG] KartenWarp: InteractiveScene initialized for game
2025-02-18 14:06:34,714 [DEBUG] KartenWarp: InteractiveView.__init__
2025-02-18 14:06:34,777 [DEBUG] KartenWarp: Zoom factor set to 1.15
2025-02-18 14:06:34,777 [ERROR] KartenWarp: Error loading localization; falling back to Japanese
Traceback (most recent call last):
  File "C:\Github\TR_mod\.tools\KartenWarp\dev\kartenwarp\localization.py", line 66, in load_localization
    with open(file_path, "r", encoding="utf-8") as f:
         ^^^^^^^^^^^^^^^^^^^^^^^^^^^^^^^^^^^^^^
  File "C:\Program Files\WindowsApps\PythonSoftwareFoundation.Python.3.11_3.11.2544.0_x64__qbz5n2kfra8p0\Lib\unittest\mock.py", line 1124, in __call__
    return self._mock_call(*args, **kwargs)
           ^^^^^^^^^^^^^^^^^^^^^^^^^^^^^^^^
  File "C:\Program Files\WindowsApps\PythonSoftwareFoundation.Python.3.11_3.11.2544.0_x64__qbz5n2kfra8p0\Lib\unittest\mock.py", line 1128, in _mock_call
    return self._execute_mock_call(*args, **kwargs)
           ^^^^^^^^^^^^^^^^^^^^^^^^^^^^^^^^^^^^^^^^
  File "C:\Program Files\WindowsApps\PythonSoftwareFoundation.Python.3.11_3.11.2544.0_x64__qbz5n2kfra8p0\Lib\unittest\mock.py", line 1183, in _execute_mock_call
    raise effect
ValueError: JSON Decode Error
2025-02-18 14:06:34,777 [ERROR] KartenWarp: Error loading fallback localization. Using minimal built-in fallback.
Traceback (most recent call last):
  File "C:\Github\TR_mod\.tools\KartenWarp\dev\kartenwarp\localization.py", line 78, in load_localization
    with open(fallback_path, "r", encoding="utf-8") as f:
         ^^^^^^^^^^^^^^^^^^^^^^^^^^^^^^^^^^^^^^^^^^
  File "C:\Program Files\WindowsApps\PythonSoftwareFoundation.Python.3.11_3.11.2544.0_x64__qbz5n2kfra8p0\Lib\unittest\mock.py", line 1124, in __call__
    return self._mock_call(*args, **kwargs)
           ^^^^^^^^^^^^^^^^^^^^^^^^^^^^^^^^
  File "C:\Program Files\WindowsApps\PythonSoftwareFoundation.Python.3.11_3.11.2544.0_x64__qbz5n2kfra8p0\Lib\unittest\mock.py", line 1128, in _mock_call
    return self._execute_mock_call(*args, **kwargs)
           ^^^^^^^^^^^^^^^^^^^^^^^^^^^^^^^^^^^^^^^^
  File "C:\Program Files\WindowsApps\PythonSoftwareFoundation.Python.3.11_3.11.2544.0_x64__qbz5n2kfra8p0\Lib\unittest\mock.py", line 1183, in _execute_mock_call
    raise effect
  File "C:\Github\TR_mod\.tools\KartenWarp\dev\kartenwarp\localization.py", line 66, in load_localization
    with open(file_path, "r", encoding="utf-8") as f:
         ^^^^^^^^^^^^^^^^^^^^^^^^^^^^^^^^^^^^^^
  File "C:\Program Files\WindowsApps\PythonSoftwareFoundation.Python.3.11_3.11.2544.0_x64__qbz5n2kfra8p0\Lib\unittest\mock.py", line 1124, in __call__
    return self._mock_call(*args, **kwargs)
           ^^^^^^^^^^^^^^^^^^^^^^^^^^^^^^^^
  File "C:\Program Files\WindowsApps\PythonSoftwareFoundation.Python.3.11_3.11.2544.0_x64__qbz5n2kfra8p0\Lib\unittest\mock.py", line 1128, in _mock_call
    return self._execute_mock_call(*args, **kwargs)
           ^^^^^^^^^^^^^^^^^^^^^^^^^^^^^^^^^^^^^^^^
  File "C:\Program Files\WindowsApps\PythonSoftwareFoundation.Python.3.11_3.11.2544.0_x64__qbz5n2kfra8p0\Lib\unittest\mock.py", line 1183, in _execute_mock_call
    raise effect
ValueError: JSON Decode Error
2025-02-18 14:06:34,900 [ERROR] KartenWarp: Error loading localization; falling back to Japanese
Traceback (most recent call last):
  File "C:\Github\TR_mod\.tools\KartenWarp\dev\kartenwarp\localization.py", line 66, in load_localization
    with open(file_path, "r", encoding="utf-8") as f:
         ^^^^^^^^^^^^^^^^^^^^^^^^^^^^^^^^^^^^^^
  File "C:\Program Files\WindowsApps\PythonSoftwareFoundation.Python.3.11_3.11.2544.0_x64__qbz5n2kfra8p0\Lib\unittest\mock.py", line 1124, in __call__
    return self._mock_call(*args, **kwargs)
           ^^^^^^^^^^^^^^^^^^^^^^^^^^^^^^^^
  File "C:\Program Files\WindowsApps\PythonSoftwareFoundation.Python.3.11_3.11.2544.0_x64__qbz5n2kfra8p0\Lib\unittest\mock.py", line 1128, in _mock_call
    return self._execute_mock_call(*args, **kwargs)
           ^^^^^^^^^^^^^^^^^^^^^^^^^^^^^^^^^^^^^^^^
  File "C:\Program Files\WindowsApps\PythonSoftwareFoundation.Python.3.11_3.11.2544.0_x64__qbz5n2kfra8p0\Lib\unittest\mock.py", line 1183, in _execute_mock_call
    raise effect
FileNotFoundError
2025-02-18 14:06:34,900 [ERROR] KartenWarp: Error loading fallback localization. Using minimal built-in fallback.
Traceback (most recent call last):
  File "C:\Github\TR_mod\.tools\KartenWarp\dev\kartenwarp\localization.py", line 66, in load_localization
    with open(file_path, "r", encoding="utf-8") as f:
         ^^^^^^^^^^^^^^^^^^^^^^^^^^^^^^^^^^^^^^
  File "C:\Program Files\WindowsApps\PythonSoftwareFoundation.Python.3.11_3.11.2544.0_x64__qbz5n2kfra8p0\Lib\unittest\mock.py", line 1124, in __call__
    return self._mock_call(*args, **kwargs)
           ^^^^^^^^^^^^^^^^^^^^^^^^^^^^^^^^
  File "C:\Program Files\WindowsApps\PythonSoftwareFoundation.Python.3.11_3.11.2544.0_x64__qbz5n2kfra8p0\Lib\unittest\mock.py", line 1128, in _mock_call
    return self._execute_mock_call(*args, **kwargs)
           ^^^^^^^^^^^^^^^^^^^^^^^^^^^^^^^^^^^^^^^^
  File "C:\Program Files\WindowsApps\PythonSoftwareFoundation.Python.3.11_3.11.2544.0_x64__qbz5n2kfra8p0\Lib\unittest\mock.py", line 1183, in _execute_mock_call
    raise effect
FileNotFoundError

During handling of the above exception, another exception occurred:

Traceback (most recent call last):
  File "C:\Github\TR_mod\.tools\KartenWarp\dev\kartenwarp\localization.py", line 78, in load_localization
    with open(fallback_path, "r", encoding="utf-8") as f:
         ^^^^^^^^^^^^^^^^^^^^^^^^^^^^^^^^^^^^^^^^^^
  File "C:\Program Files\WindowsApps\PythonSoftwareFoundation.Python.3.11_3.11.2544.0_x64__qbz5n2kfra8p0\Lib\unittest\mock.py", line 1124, in __call__
    return self._mock_call(*args, **kwargs)
           ^^^^^^^^^^^^^^^^^^^^^^^^^^^^^^^^
  File "C:\Program Files\WindowsApps\PythonSoftwareFoundation.Python.3.11_3.11.2544.0_x64__qbz5n2kfra8p0\Lib\unittest\mock.py", line 1128, in _mock_call
    return self._execute_mock_call(*args, **kwargs)
           ^^^^^^^^^^^^^^^^^^^^^^^^^^^^^^^^^^^^^^^^
  File "C:\Program Files\WindowsApps\PythonSoftwareFoundation.Python.3.11_3.11.2544.0_x64__qbz5n2kfra8p0\Lib\unittest\mock.py", line 1183, in _execute_mock_call
    raise effect
FileNotFoundError
2025-02-18 14:06:34,905 [DEBUG] KartenWarp: SceneState.__init__
2025-02-18 14:06:34,905 [DEBUG] KartenWarp: InteractiveScene initialized for game
2025-02-18 14:06:34,905 [DEBUG] KartenWarp: InteractiveScene initialized for real
2025-02-18 14:06:34,905 [DEBUG] KartenWarp: InteractiveView.__init__
2025-02-18 14:06:34,905 [DEBUG] KartenWarp: InteractiveView.__init__
2025-02-18 14:06:34,905 [DEBUG] KartenWarp: Menus created
2025-02-18 14:06:34,905 [DEBUG] KartenWarp: MainWindow initialized
2025-02-18 14:06:34,905 [DEBUG] KartenWarp: Getting dark mode stylesheet
2025-02-18 14:06:34,936 [INFO] KartenWarp: Game image loading cancelled
2025-02-18 14:06:34,936 [INFO] KartenWarp: User confirmed exit. Closing application.
2025-02-18 14:06:34,936 [DEBUG] KartenWarp: SceneState.__init__
2025-02-18 14:06:34,936 [DEBUG] KartenWarp: InteractiveScene initialized for game
2025-02-18 14:06:34,936 [DEBUG] KartenWarp: InteractiveScene initialized for real
2025-02-18 14:06:34,936 [DEBUG] KartenWarp: InteractiveView.__init__
2025-02-18 14:06:34,936 [DEBUG] KartenWarp: InteractiveView.__init__
2025-02-18 14:06:34,952 [DEBUG] KartenWarp: Menus created
2025-02-18 14:06:34,952 [DEBUG] KartenWarp: MainWindow initialized
2025-02-18 14:06:34,952 [DEBUG] KartenWarp: Getting dark mode stylesheet
2025-02-18 14:06:34,983 [DEBUG] KartenWarp: OptionsDialog initialized
2025-02-18 14:06:35,007 [DEBUG] KartenWarp: Menus created
2025-02-18 14:06:35,007 [DEBUG] KartenWarp: Getting dark mode stylesheet
2025-02-18 14:06:35,020 [DEBUG] KartenWarp: Options dialog accepted and settings updated
2025-02-18 14:06:35,020 [INFO] KartenWarp: User confirmed exit. Closing application.
2025-02-18 14:06:35,031 [DEBUG] KartenWarp: SceneState.__init__
2025-02-18 14:06:35,031 [DEBUG] KartenWarp: InteractiveScene initialized for game
2025-02-18 14:06:35,031 [DEBUG] KartenWarp: InteractiveScene initialized for real
2025-02-18 14:06:35,031 [DEBUG] KartenWarp: InteractiveView.__init__
2025-02-18 14:06:35,031 [DEBUG] KartenWarp: InteractiveView.__init__
2025-02-18 14:06:35,047 [DEBUG] KartenWarp: Menus created
2025-02-18 14:06:35,047 [DEBUG] KartenWarp: MainWindow initialized
2025-02-18 14:06:35,047 [DEBUG] KartenWarp: Getting dark mode stylesheet
2025-02-18 14:06:35,078 [DEBUG] KartenWarp: DetachedWindow initialized
2025-02-18 14:06:35,078 [DEBUG] KartenWarp: Getting dark mode stylesheet
2025-02-18 14:06:35,094 [DEBUG] KartenWarp: DetachedWindow initialized
2025-02-18 14:06:35,094 [DEBUG] KartenWarp: Getting dark mode stylesheet
2025-02-18 14:06:35,126 [INFO] KartenWarp: Entered detached mode
2025-02-18 14:06:35,126 [DEBUG] KartenWarp: Mode toggled to 分離モード
2025-02-18 14:06:35,126 [DEBUG] KartenWarp: DetachedWindow forced close, skipping confirm dialog
2025-02-18 14:06:35,126 [DEBUG] KartenWarp: DetachedWindow force closed
2025-02-18 14:06:35,126 [DEBUG] KartenWarp: DetachedWindow forced close, skipping confirm dialog
2025-02-18 14:06:35,126 [DEBUG] KartenWarp: DetachedWindow force closed
2025-02-18 14:06:35,141 [INFO] KartenWarp: Returned to integrated mode
2025-02-18 14:06:35,141 [DEBUG] KartenWarp: Mode toggled to 統合モード
2025-02-18 14:06:35,141 [INFO] KartenWarp: User confirmed exit. Closing application.
2025-02-18 14:06:35,157 [DEBUG] KartenWarp: SceneState.__init__
2025-02-18 14:06:35,157 [DEBUG] KartenWarp: InteractiveScene initialized for game
2025-02-18 14:06:35,157 [DEBUG] KartenWarp: InteractiveScene initialized for real
2025-02-18 14:06:35,157 [DEBUG] KartenWarp: InteractiveView.__init__
2025-02-18 14:06:35,157 [DEBUG] KartenWarp: InteractiveView.__init__
2025-02-18 14:06:35,174 [DEBUG] KartenWarp: Menus created
2025-02-18 14:06:35,174 [DEBUG] KartenWarp: MainWindow initialized
2025-02-18 14:06:35,174 [DEBUG] KartenWarp: Getting dark mode stylesheet
2025-02-18 14:06:35,223 [INFO] KartenWarp: User confirmed exit. Closing application.
2025-02-18 14:06:35,231 [DEBUG] KartenWarp: OptionsDialog initialized
2025-02-18 14:06:35,246 [DEBUG] KartenWarp: OptionsDialog accept triggered
2025-02-18 14:06:35,246 [ERROR] KartenWarp: TPS regularization parameter invalid
Traceback (most recent call last):
  File "C:\Github\TR_mod\.tools\KartenWarp\dev\kartenwarp\ui\options_dialog.py", line 111, in accept
    raise ValueError("Regularization parameter must be positive.")
ValueError: Regularization parameter must be positive.
2025-02-18 14:06:35,247 [DEBUG] KartenWarp: SceneState.__init__
2025-02-18 14:06:35,247 [DEBUG] KartenWarp: Updating game points: [[10, 20], [30, 40]]
2025-02-18 14:06:35,247 [DEBUG] KartenWarp: Updating real points: [[50, 60], [70, 80]]
2025-02-18 14:06:35,247 [DEBUG] KartenWarp: Saving project to C:\Users\I_kor\AppData\Local\Temp\tmph0mwa0e0\test_project.kwproj
2025-02-18 14:06:35,247 [INFO] KartenWarp: Project saved successfully: C:\Users\I_kor\AppData\Local\Temp\tmph0mwa0e0\test_project.kwproj
2025-02-18 14:06:35,247 [DEBUG] KartenWarp: Loading project from C:\Users\I_kor\AppData\Local\Temp\tmph0mwa0e0\test_project.kwproj
2025-02-18 14:06:35,263 [INFO] KartenWarp: Project loaded successfully: C:\Users\I_kor\AppData\Local\Temp\tmph0mwa0e0\test_project.kwproj
2025-02-18 14:06:35,269 [DEBUG] KartenWarp: SceneState.__init__
2025-02-18 14:06:35,269 [DEBUG] KartenWarp: Saving project to C:\Users\I_kor\AppData\Local\Temp\tmp2w269dr8\test_project.kwproj
2025-02-18 14:06:35,269 [INFO] KartenWarp: Project saved successfully: C:\Users\I_kor\AppData\Local\Temp\tmp2w269dr8\test_project.kwproj
2025-02-18 14:06:35,269 [DEBUG] KartenWarp: Loading project from C:\Users\I_kor\AppData\Local\Temp\tmp2w269dr8\test_project.kwproj
2025-02-18 14:06:35,279 [INFO] KartenWarp: Project loaded successfully: C:\Users\I_kor\AppData\Local\Temp\tmp2w269dr8\test_project.kwproj
2025-02-18 14:06:35,279 [DEBUG] KartenWarp: Initializing ResultWindow
2025-02-18 14:06:35,279 [DEBUG] KartenWarp: Getting dark mode stylesheet
2025-02-18 14:06:35,342 [INFO] KartenWarp: Export cancelled by user
2025-02-18 14:06:36,012 [INFO] KartenWarp: Exported scene to C:/temp/dummy_export.png
2025-02-18 14:06:36,132 [DEBUG] KartenWarp: Initializing ResultWindow
2025-02-18 14:06:36,132 [DEBUG] KartenWarp: Getting dark mode stylesheet
2025-02-18 14:06:36,212 [DEBUG] KartenWarp: SceneState.__init__
2025-02-18 14:06:36,212 [DEBUG] KartenWarp: InteractiveScene initialized for game
2025-02-18 14:06:36,212 [DEBUG] KartenWarp: InteractiveScene initialized for real
2025-02-18 14:06:36,212 [DEBUG] KartenWarp: Updating game points: [[10, 10], [20, 20], [30, 30]]
2025-02-18 14:06:36,212 [DEBUG] KartenWarp: Updating real points: [[10, 10], [20, 20], [30, 30]]
2025-02-18 14:06:36,212 [DEBUG] KartenWarp.Transform: Starting perform_transformation
2025-02-18 14:06:36,212 [DEBUG] KartenWarp: Converting QImage to NumPy array
2025-02-18 14:06:36,212 [DEBUG] KartenWarp.Transform: Computing TPS parameters
2025-02-18 14:06:36,212 [DEBUG] KartenWarp: SceneState.__init__
2025-02-18 14:06:36,212 [DEBUG] KartenWarp: InteractiveScene initialized for game
2025-02-18 14:06:36,212 [DEBUG] KartenWarp: InteractiveScene initialized for real
2025-02-18 14:06:36,212 [DEBUG] KartenWarp: Updating game points: [[10, 10], [20, 20], [30, 30]]
2025-02-18 14:06:36,212 [DEBUG] KartenWarp: Updating real points: [[10, 10], [20, 20], [30, 30]]
2025-02-18 14:06:36,212 [DEBUG] KartenWarp.Transform: Starting perform_tps_transform
2025-02-18 14:06:36,212 [ERROR] KartenWarp.Transform: Game image not loaded
2025-02-18 14:06:36,212 [DEBUG] KartenWarp: Getting dark mode stylesheet
2025-02-18 14:06:36,212 [DEBUG] KartenWarp.Transform: Starting perform_transformation
2025-02-18 14:06:36,212 [DEBUG] KartenWarp: Converting QImage to NumPy array
2025-02-18 14:06:36,212 [DEBUG] KartenWarp.Transform: Computing TPS parameters
2025-02-18 14:06:36,212 [DEBUG] KartenWarp.Transform: Adaptive enabled: adjusted reg_lambda = 8.533333333333335
2025-02-18 14:06:36,212 [DEBUG] KartenWarp.Transform: TPS parameters computed
2025-02-18 14:06:36,212 [DEBUG] KartenWarp.Transform: Applying TPS warp
2025-02-18 14:06:36,212 [DEBUG] KartenWarp.Transform: TPS warp applied
2025-02-18 14:06:36,212 [DEBUG] KartenWarp.Transform: Transformation performed successfully
2025-02-18 14:06:36,212 [DEBUG] KartenWarp.Transform: Starting perform_transformation
2025-02-18 14:06:36,212 [ERROR] KartenWarp.Transform: Insufficient correspondence points
2025-02-18 14:06:36,212 [DEBUG] KartenWarp.Transform: Starting perform_transformation
2025-02-18 14:06:36,212 [DEBUG] KartenWarp: Converting QImage to NumPy array
2025-02-18 14:06:36,212 [DEBUG] KartenWarp.Transform: Computing TPS parameters
2025-02-18 14:06:36,212 [DEBUG] KartenWarp.Transform: TPS parameters computed
2025-02-18 14:06:36,222 [DEBUG] KartenWarp.Transform: Applying TPS warp
2025-02-18 14:06:36,222 [DEBUG] KartenWarp.Transform: TPS warp applied
2025-02-18 14:06:36,222 [DEBUG] KartenWarp.Transform: Transformation performed successfully
2025-02-18 14:06:36,222 [DEBUG] KartenWarp: Exporting scene to C:\Users\I_kor\AppData\Local\Temp\tmp6wfa4_97
2025-02-18 14:06:36,224 [INFO] KartenWarp: Scene exported as C:\Users\I_kor\AppData\Local\Temp\tmp6wfa4_97\exported_scene.png
2025-02-18 14:06:36,226 [DEBUG] KartenWarp: Exporting scene to C:\Users\I_kor\AppData\Local\Temp\tmp5evxn76l
2025-02-18 14:06:36,227 [INFO] KartenWarp: Scene exported as C:\Users\I_kor\AppData\Local\Temp\tmp5evxn76l\exported_scene_1.png
2025-02-18 14:06:36,233 [DEBUG] KartenWarp: Exporting scene to C:\Users\I_kor\AppData\Local\Temp\tmpovbf5zzd\test_export.png
2025-02-18 14:06:36,234 [INFO] KartenWarp: Scene exported as C:\Users\I_kor\AppData\Local\Temp\tmpovbf5zzd\test_export.png
2025-02-18 14:06:36,236 [DEBUG] KartenWarp: Converting QImage to NumPy array
