2025-02-18 14:21:36,005 [INFO] KartenWarp: Logging started in C:\Github\TR_mod\.tools\KartenWarp\dev\temp\run_20250218_142136
2025-02-18 14:21:36,005 [INFO] KartenWarp: Transformation logger configured
2025-02-18 14:21:36,005 [DEBUG] KartenWarp: Initializing SceneState
2025-02-18 14:21:36,105 [DEBUG] KartenWarp: Extracted 100 localization keys from source code.
2025-02-18 14:21:36,107 [DEBUG] KartenWarp: Updated de.json with 100 keys. Written to temp folder.
2025-02-18 14:21:36,107 [DEBUG] KartenWarp: Updated en.json with 100 keys. Written to temp folder.
2025-02-18 14:21:36,107 [DEBUG] KartenWarp: Updated ja.json with 100 keys. Written to temp folder.
2025-02-18 14:21:36,107 [DEBUG] KartenWarp: Loaded localization from C:\Github\TR_mod\.tools\KartenWarp\dev\temp\ja.json
2025-02-18 14:21:36,116 [DEBUG] KartenWarp: theme.py module loaded
2025-02-18 14:21:36,131 [DEBUG] KartenWarp: SceneState.__init__
2025-02-18 14:21:36,131 [DEBUG] KartenWarp: InteractiveScene initialized for game
2025-02-18 14:21:36,163 [DEBUG] KartenWarp: InteractiveScene initialized for real
2025-02-18 14:21:36,163 [DEBUG] KartenWarp: InteractiveView.__init__
2025-02-18 14:21:36,652 [DEBUG] KartenWarp: InteractiveView.__init__
2025-02-18 14:21:36,669 [DEBUG] KartenWarp: Menus created
2025-02-18 14:21:36,669 [DEBUG] KartenWarp: MainWindow initialized
2025-02-18 14:21:36,669 [DEBUG] KartenWarp: Getting dark mode stylesheet
2025-02-18 14:21:36,771 [DEBUG] KartenWarp: SceneState.__init__
2025-02-18 14:21:36,771 [DEBUG] KartenWarp: InteractiveScene initialized for game
2025-02-18 14:21:36,771 [DEBUG] KartenWarp: InteractiveView.__init__
2025-02-18 14:21:36,771 [DEBUG] KartenWarp: DetachedWindow initialized
2025-02-18 14:21:36,771 [DEBUG] KartenWarp: Getting dark mode stylesheet
2025-02-18 14:21:36,787 [INFO] KartenWarp: DetachedWindow closed and mode toggled
2025-02-18 14:21:36,803 [DEBUG] KartenWarp: DetachedWindow initialized
2025-02-18 14:21:36,803 [DEBUG] KartenWarp: Getting dark mode stylesheet
2025-02-18 14:21:36,803 [DEBUG] KartenWarp: DetachedWindow initialized
2025-02-18 14:21:36,803 [DEBUG] KartenWarp: Getting dark mode stylesheet
2025-02-18 14:21:36,834 [INFO] KartenWarp: Entered detached mode
2025-02-18 14:21:36,834 [DEBUG] KartenWarp: Mode toggled to 分離モード
2025-02-18 14:21:36,834 [INFO] KartenWarp: DetachedWindow closed and mode toggled
2025-02-18 14:21:36,834 [INFO] KartenWarp: User confirmed exit. Closing application.
2025-02-18 14:21:36,844 [DEBUG] KartenWarp: SceneState.__init__
2025-02-18 14:21:36,844 [DEBUG] KartenWarp: InteractiveScene initialized for game
2025-02-18 14:21:36,844 [DEBUG] KartenWarp: InteractiveScene initialized for real
2025-02-18 14:21:36,844 [DEBUG] KartenWarp: InteractiveView.__init__
2025-02-18 14:21:36,846 [DEBUG] KartenWarp: InteractiveView.__init__
2025-02-18 14:21:36,848 [DEBUG] KartenWarp: Menus created
2025-02-18 14:21:36,848 [DEBUG] KartenWarp: MainWindow initialized
2025-02-18 14:21:36,848 [DEBUG] KartenWarp: Getting dark mode stylesheet
2025-02-18 14:21:36,866 [DEBUG] KartenWarp: SceneState.__init__
2025-02-18 14:21:36,866 [DEBUG] KartenWarp: InteractiveScene initialized for game
2025-02-18 14:21:36,866 [DEBUG] KartenWarp: InteractiveView.__init__
2025-02-18 14:21:36,866 [DEBUG] KartenWarp: DetachedWindow initialized
2025-02-18 14:21:36,866 [DEBUG] KartenWarp: Getting dark mode stylesheet
2025-02-18 14:21:36,882 [DEBUG] KartenWarp: DetachedWindow initialized
2025-02-18 14:21:36,882 [DEBUG] KartenWarp: Getting dark mode stylesheet
2025-02-18 14:21:36,882 [DEBUG] KartenWarp: DetachedWindow initialized
2025-02-18 14:21:36,882 [DEBUG] KartenWarp: Getting dark mode stylesheet
2025-02-18 14:21:36,917 [INFO] KartenWarp: Entered detached mode
2025-02-18 14:21:36,917 [DEBUG] KartenWarp: Mode toggled to 分離モード
2025-02-18 14:21:36,917 [DEBUG] KartenWarp: Toggle mode key pressed in DetachedWindow
2025-02-18 14:21:36,917 [DEBUG] KartenWarp: DetachedWindow forced close, skipping confirm dialog
2025-02-18 14:21:36,919 [DEBUG] KartenWarp: DetachedWindow force closed
2025-02-18 14:21:36,926 [DEBUG] KartenWarp: DetachedWindow forced close, skipping confirm dialog
2025-02-18 14:21:36,933 [DEBUG] KartenWarp: DetachedWindow force closed
2025-02-18 14:21:36,945 [INFO] KartenWarp: Returned to integrated mode
2025-02-18 14:21:36,945 [DEBUG] KartenWarp: Mode toggled to 統合モード
2025-02-18 14:21:36,945 [INFO] KartenWarp: DetachedWindow closed and mode toggled
2025-02-18 14:21:36,945 [INFO] KartenWarp: User confirmed exit. Closing application.
2025-02-18 14:21:36,945 [DEBUG] KartenWarp: SceneState.__init__
2025-02-18 14:21:36,945 [DEBUG] KartenWarp: InteractiveScene initialized for game
2025-02-18 14:21:36,945 [DEBUG] KartenWarp: InteractiveScene initialized for real
2025-02-18 14:21:36,945 [DEBUG] KartenWarp: InteractiveView.__init__
2025-02-18 14:21:36,960 [DEBUG] KartenWarp: InteractiveView.__init__
2025-02-18 14:21:36,960 [DEBUG] KartenWarp: Menus created
2025-02-18 14:21:36,960 [DEBUG] KartenWarp: MainWindow initialized
2025-02-18 14:21:36,960 [DEBUG] KartenWarp: Getting dark mode stylesheet
2025-02-18 14:21:36,976 [DEBUG] KartenWarp: SceneState.__init__
2025-02-18 14:21:36,976 [DEBUG] KartenWarp: InteractiveScene initialized for game
2025-02-18 14:21:36,976 [DEBUG] KartenWarp: InteractiveView.__init__
2025-02-18 14:21:36,976 [DEBUG] KartenWarp: DetachedWindow initialized
2025-02-18 14:21:36,976 [DEBUG] KartenWarp: Getting dark mode stylesheet
2025-02-18 14:21:36,992 [DEBUG] KartenWarp: Undo executed in DetachedWindow
2025-02-18 14:21:36,992 [DEBUG] KartenWarp: Redo executed in DetachedWindow
2025-02-18 14:21:36,992 [DEBUG] KartenWarp: DetachedWindow initialized
2025-02-18 14:21:36,992 [DEBUG] KartenWarp: Getting dark mode stylesheet
2025-02-18 14:21:36,992 [DEBUG] KartenWarp: DetachedWindow initialized
2025-02-18 14:21:36,992 [DEBUG] KartenWarp: Getting dark mode stylesheet
2025-02-18 14:21:37,023 [INFO] KartenWarp: Entered detached mode
2025-02-18 14:21:37,023 [DEBUG] KartenWarp: Mode toggled to 分離モード
2025-02-18 14:21:37,023 [INFO] KartenWarp: DetachedWindow closed and mode toggled
2025-02-18 14:21:37,023 [INFO] KartenWarp: User confirmed exit. Closing application.
2025-02-18 14:21:37,039 [DEBUG] KartenWarp: SceneState.__init__
2025-02-18 14:21:37,039 [DEBUG] KartenWarp: InteractiveScene initialized for game
2025-02-18 14:21:37,039 [DEBUG] KartenWarp: InteractiveScene initialized for real
2025-02-18 14:21:37,039 [DEBUG] KartenWarp: InteractiveView.__init__
2025-02-18 14:21:37,039 [DEBUG] KartenWarp: InteractiveView.__init__
2025-02-18 14:21:37,039 [DEBUG] KartenWarp: Menus created
2025-02-18 14:21:37,039 [DEBUG] KartenWarp: MainWindow initialized
2025-02-18 14:21:37,039 [DEBUG] KartenWarp: Getting dark mode stylesheet
2025-02-18 14:21:37,055 [DEBUG] KartenWarp: SceneState.__init__
2025-02-18 14:21:37,055 [DEBUG] KartenWarp: InteractiveScene initialized for game
2025-02-18 14:21:37,055 [DEBUG] KartenWarp: InteractiveView.__init__
2025-02-18 14:21:37,071 [DEBUG] KartenWarp: DetachedWindow initialized
2025-02-18 14:21:37,071 [DEBUG] KartenWarp: Getting dark mode stylesheet
2025-02-18 14:21:37,095 [DEBUG] KartenWarp: DetachedWindow initialized
2025-02-18 14:21:37,102 [DEBUG] KartenWarp: Getting dark mode stylesheet
2025-02-18 14:21:37,102 [DEBUG] KartenWarp: DetachedWindow initialized
2025-02-18 14:21:37,102 [DEBUG] KartenWarp: Getting dark mode stylesheet
2025-02-18 14:21:37,118 [INFO] KartenWarp: Entered detached mode
2025-02-18 14:21:37,134 [DEBUG] KartenWarp: Mode toggled to 分離モード
2025-02-18 14:21:37,134 [INFO] KartenWarp: DetachedWindow closed and mode toggled
2025-02-18 14:21:37,136 [INFO] KartenWarp: User confirmed exit. Closing application.
2025-02-18 14:21:37,139 [DEBUG] KartenWarp: SceneState.__init__
2025-02-18 14:21:37,139 [DEBUG] KartenWarp: InteractiveScene initialized for game
2025-02-18 14:21:37,139 [DEBUG] KartenWarp: FeaturePointPresenter: Refreshing UI items.
2025-02-18 14:21:37,149 [DEBUG] KartenWarp: FeaturePointPresenter: Refreshing UI items.
2025-02-18 14:21:37,149 [DEBUG] KartenWarp: HistoryDialog initialized
2025-02-18 14:21:37,165 [DEBUG] KartenWarp: Refreshing history dialog
2025-02-18 14:21:37,181 [DEBUG] KartenWarp: Active scene set
2025-02-18 14:21:37,181 [DEBUG] KartenWarp: Active scene set
2025-02-18 14:21:37,183 [DEBUG] KartenWarp: Active scene set
2025-02-18 14:21:37,183 [DEBUG] KartenWarp: Active scene set
2025-02-18 14:21:37,183 [DEBUG] KartenWarp: Active scene set
2025-02-18 14:21:37,183 [DEBUG] KartenWarp: Active scene set
2025-02-18 14:21:37,401 [DEBUG] KartenWarp: SceneState.__init__
2025-02-18 14:21:37,401 [DEBUG] KartenWarp: InteractiveScene initialized for game
2025-02-18 14:21:37,401 [DEBUG] KartenWarp: FeaturePointPresenter: Refreshing UI items.
2025-02-18 14:21:37,401 [DEBUG] KartenWarp: FeaturePointPresenter: Refreshing UI items.
2025-02-18 14:21:37,401 [DEBUG] KartenWarp: HistoryDialog initialized
2025-02-18 14:21:37,401 [DEBUG] KartenWarp: Refreshing history dialog
2025-02-18 14:21:37,417 [DEBUG] KartenWarp: Active scene set
2025-02-18 14:21:37,624 [DEBUG] KartenWarp: FeaturePointPresenter: Refreshing UI items.
2025-02-18 14:21:37,624 [DEBUG] KartenWarp: FeaturePointPresenter: Refreshing UI items.
2025-02-18 14:21:37,624 [DEBUG] KartenWarp: Refreshing history dialog
2025-02-18 14:21:37,624 [DEBUG] KartenWarp: Jumped to history index 0
2025-02-18 14:21:37,639 [DEBUG] KartenWarp: SceneState.__init__
2025-02-18 14:21:37,639 [DEBUG] KartenWarp: InteractiveScene initialized for game
2025-02-18 14:21:37,639 [DEBUG] KartenWarp: InteractiveScene initialized for real
2025-02-18 14:21:37,639 [DEBUG] KartenWarp: InteractiveView.__init__
2025-02-18 14:21:37,639 [DEBUG] KartenWarp: InteractiveView.__init__
2025-02-18 14:21:37,639 [DEBUG] KartenWarp: Menus created
2025-02-18 14:21:37,639 [DEBUG] KartenWarp: MainWindow initialized
2025-02-18 14:21:37,639 [DEBUG] KartenWarp: Getting dark mode stylesheet
2025-02-18 14:21:37,664 [DEBUG] KartenWarp: Setting image in scene
2025-02-18 14:21:37,671 [DEBUG] KartenWarp: Active scene set
2025-02-18 14:21:37,671 [DEBUG] KartenWarp: Active scene set
2025-02-18 14:21:37,687 [DEBUG] KartenWarp: Updating game points: []
2025-02-18 14:21:37,687 [DEBUG] KartenWarp: Setting image in scene
2025-02-18 14:21:37,687 [DEBUG] KartenWarp: Updating real points: []
2025-02-18 14:21:37,687 [DEBUG] KartenWarp: FeaturePointPresenter: Refreshing UI items.
2025-02-18 14:21:37,687 [DEBUG] KartenWarp: FeaturePointPresenter: Refreshing UI items.
2025-02-18 14:21:37,687 [DEBUG] KartenWarp: FeaturePointPresenter: Refreshing UI items.
2025-02-18 14:21:37,687 [DEBUG] KartenWarp: FeaturePointPresenter: Refreshing UI items.
2025-02-18 14:21:37,687 [DEBUG] KartenWarp: FeaturePointPresenter: Refreshing UI items.
2025-02-18 14:21:37,687 [DEBUG] KartenWarp: FeaturePointPresenter: Refreshing UI items.
2025-02-18 14:21:37,687 [WARNING] KartenWarp: Insufficient points for transformation
2025-02-18 14:21:37,687 [INFO] KartenWarp: User confirmed exit. Closing application.
2025-02-18 14:21:37,703 [DEBUG] KartenWarp: SceneState.__init__
2025-02-18 14:21:37,703 [DEBUG] KartenWarp: InteractiveScene initialized for game
2025-02-18 14:21:37,703 [DEBUG] KartenWarp: FeaturePointPresenter: Refreshing UI items.
2025-02-18 14:21:37,703 [DEBUG] KartenWarp: FeaturePointPresenter: Refreshing UI items.
2025-02-18 14:21:37,703 [DEBUG] KartenWarp: SceneState.__init__
2025-02-18 14:21:37,703 [DEBUG] KartenWarp: InteractiveScene initialized for game
2025-02-18 14:21:37,703 [DEBUG] KartenWarp: FeaturePointPresenter: Refreshing UI items.
2025-02-18 14:21:37,703 [DEBUG] KartenWarp: SceneState.__init__
2025-02-18 14:21:37,703 [DEBUG] KartenWarp: InteractiveScene initialized for game
2025-02-18 14:21:37,703 [DEBUG] KartenWarp: Setting image in scene
2025-02-18 14:21:37,703 [DEBUG] KartenWarp: Updating game points: []
2025-02-18 14:21:37,703 [DEBUG] KartenWarp: SceneState.__init__
2025-02-18 14:21:37,703 [DEBUG] KartenWarp: InteractiveScene initialized for game
2025-02-18 14:21:37,703 [DEBUG] KartenWarp: FeaturePointPresenter: Refreshing UI items.
2025-02-18 14:21:37,703 [DEBUG] KartenWarp: FeaturePointPresenter: Refreshing UI items.
2025-02-18 14:21:37,703 [DEBUG] KartenWarp: FeaturePointPresenter: Refreshing UI items.
2025-02-18 14:21:37,703 [DEBUG] KartenWarp: SceneState.__init__
2025-02-18 14:21:37,703 [DEBUG] KartenWarp: InteractiveScene initialized for game
2025-02-18 14:21:37,703 [DEBUG] KartenWarp: InteractiveView.__init__
2025-02-18 14:21:37,719 [DEBUG] KartenWarp: Active scene set
2025-02-18 14:21:37,751 [DEBUG] KartenWarp: Panning started
2025-02-18 14:21:37,751 [DEBUG] KartenWarp: Panning ended
2025-02-18 14:21:37,762 [DEBUG] KartenWarp: SceneState.__init__
2025-02-18 14:21:37,762 [DEBUG] KartenWarp: InteractiveScene initialized for game
2025-02-18 14:21:37,762 [DEBUG] KartenWarp: InteractiveView.__init__
2025-02-18 14:21:37,779 [DEBUG] KartenWarp: Active scene set
2025-02-18 14:21:37,822 [DEBUG] KartenWarp: Zoom factor set to 1.15
2025-02-18 14:21:37,838 [ERROR] KartenWarp: Error loading localization; falling back to Japanese
Traceback (most recent call last):
  File "C:\Github\TR_mod\.tools\KartenWarp\dev\kartenwarp\localization.py", line 66, in load_localization
    with open(file_path, "r", encoding="utf-8") as f:
         ^^^^^^^^^^^^^^^^^^^^^^^^^^^^^^^^^^^^^^
  File "C:\Program Files\WindowsApps\PythonSoftwareFoundation.Python.3.11_3.11.2544.0_x64__qbz5n2kfra8p0\Lib\unittest\mock.py", line 1124, in __call__
    return self._mock_call(*args, **kwargs)
           ^^^^^^^^^^^^^^^^^^^^^^^^^^^^^^^^
  File "C:\Program Files\WindowsApps\PythonSoftwareFoundation.Python.3.11_3.11.2544.0_x64__qbz5n2kfra8p0\Lib\unittest\mock.py", line 1128, in _mock_call
    return self._execute_mock_call(*args, **kwargs)
           ^^^^^^^^^^^^^^^^^^^^^^^^^^^^^^^^^^^^^^^^
  File "C:\Program Files\WindowsApps\PythonSoftwareFoundation.Python.3.11_3.11.2544.0_x64__qbz5n2kfra8p0\Lib\unittest\mock.py", line 1183, in _execute_mock_call
    raise effect
ValueError: JSON Decode Error
2025-02-18 14:21:37,842 [ERROR] KartenWarp: Error loading fallback localization. Using minimal built-in fallback.
Traceback (most recent call last):
  File "C:\Github\TR_mod\.tools\KartenWarp\dev\kartenwarp\localization.py", line 78, in load_localization
    with open(fallback_path, "r", encoding="utf-8") as f:
         ^^^^^^^^^^^^^^^^^^^^^^^^^^^^^^^^^^^^^^^^^^
  File "C:\Program Files\WindowsApps\PythonSoftwareFoundation.Python.3.11_3.11.2544.0_x64__qbz5n2kfra8p0\Lib\unittest\mock.py", line 1124, in __call__
    return self._mock_call(*args, **kwargs)
           ^^^^^^^^^^^^^^^^^^^^^^^^^^^^^^^^
  File "C:\Program Files\WindowsApps\PythonSoftwareFoundation.Python.3.11_3.11.2544.0_x64__qbz5n2kfra8p0\Lib\unittest\mock.py", line 1128, in _mock_call
    return self._execute_mock_call(*args, **kwargs)
           ^^^^^^^^^^^^^^^^^^^^^^^^^^^^^^^^^^^^^^^^
  File "C:\Program Files\WindowsApps\PythonSoftwareFoundation.Python.3.11_3.11.2544.0_x64__qbz5n2kfra8p0\Lib\unittest\mock.py", line 1183, in _execute_mock_call
    raise effect
  File "C:\Github\TR_mod\.tools\KartenWarp\dev\kartenwarp\localization.py", line 66, in load_localization
    with open(file_path, "r", encoding="utf-8") as f:
         ^^^^^^^^^^^^^^^^^^^^^^^^^^^^^^^^^^^^^^
  File "C:\Program Files\WindowsApps\PythonSoftwareFoundation.Python.3.11_3.11.2544.0_x64__qbz5n2kfra8p0\Lib\unittest\mock.py", line 1124, in __call__
    return self._mock_call(*args, **kwargs)
           ^^^^^^^^^^^^^^^^^^^^^^^^^^^^^^^^
  File "C:\Program Files\WindowsApps\PythonSoftwareFoundation.Python.3.11_3.11.2544.0_x64__qbz5n2kfra8p0\Lib\unittest\mock.py", line 1128, in _mock_call
    return self._execute_mock_call(*args, **kwargs)
           ^^^^^^^^^^^^^^^^^^^^^^^^^^^^^^^^^^^^^^^^
  File "C:\Program Files\WindowsApps\PythonSoftwareFoundation.Python.3.11_3.11.2544.0_x64__qbz5n2kfra8p0\Lib\unittest\mock.py", line 1183, in _execute_mock_call
    raise effect
ValueError: JSON Decode Error
2025-02-18 14:21:37,917 [ERROR] KartenWarp: Error loading localization; falling back to Japanese
Traceback (most recent call last):
  File "C:\Github\TR_mod\.tools\KartenWarp\dev\kartenwarp\localization.py", line 66, in load_localization
    with open(file_path, "r", encoding="utf-8") as f:
         ^^^^^^^^^^^^^^^^^^^^^^^^^^^^^^^^^^^^^^
  File "C:\Program Files\WindowsApps\PythonSoftwareFoundation.Python.3.11_3.11.2544.0_x64__qbz5n2kfra8p0\Lib\unittest\mock.py", line 1124, in __call__
    return self._mock_call(*args, **kwargs)
           ^^^^^^^^^^^^^^^^^^^^^^^^^^^^^^^^
  File "C:\Program Files\WindowsApps\PythonSoftwareFoundation.Python.3.11_3.11.2544.0_x64__qbz5n2kfra8p0\Lib\unittest\mock.py", line 1128, in _mock_call
    return self._execute_mock_call(*args, **kwargs)
           ^^^^^^^^^^^^^^^^^^^^^^^^^^^^^^^^^^^^^^^^
  File "C:\Program Files\WindowsApps\PythonSoftwareFoundation.Python.3.11_3.11.2544.0_x64__qbz5n2kfra8p0\Lib\unittest\mock.py", line 1183, in _execute_mock_call
    raise effect
FileNotFoundError
2025-02-18 14:21:37,917 [ERROR] KartenWarp: Error loading fallback localization. Using minimal built-in fallback.
Traceback (most recent call last):
  File "C:\Github\TR_mod\.tools\KartenWarp\dev\kartenwarp\localization.py", line 66, in load_localization
    with open(file_path, "r", encoding="utf-8") as f:
         ^^^^^^^^^^^^^^^^^^^^^^^^^^^^^^^^^^^^^^
  File "C:\Program Files\WindowsApps\PythonSoftwareFoundation.Python.3.11_3.11.2544.0_x64__qbz5n2kfra8p0\Lib\unittest\mock.py", line 1124, in __call__
    return self._mock_call(*args, **kwargs)
           ^^^^^^^^^^^^^^^^^^^^^^^^^^^^^^^^
  File "C:\Program Files\WindowsApps\PythonSoftwareFoundation.Python.3.11_3.11.2544.0_x64__qbz5n2kfra8p0\Lib\unittest\mock.py", line 1128, in _mock_call
    return self._execute_mock_call(*args, **kwargs)
           ^^^^^^^^^^^^^^^^^^^^^^^^^^^^^^^^^^^^^^^^
  File "C:\Program Files\WindowsApps\PythonSoftwareFoundation.Python.3.11_3.11.2544.0_x64__qbz5n2kfra8p0\Lib\unittest\mock.py", line 1183, in _execute_mock_call
    raise effect
FileNotFoundError

During handling of the above exception, another exception occurred:

Traceback (most recent call last):
  File "C:\Github\TR_mod\.tools\KartenWarp\dev\kartenwarp\localization.py", line 78, in load_localization
    with open(fallback_path, "r", encoding="utf-8") as f:
         ^^^^^^^^^^^^^^^^^^^^^^^^^^^^^^^^^^^^^^^^^^
  File "C:\Program Files\WindowsApps\PythonSoftwareFoundation.Python.3.11_3.11.2544.0_x64__qbz5n2kfra8p0\Lib\unittest\mock.py", line 1124, in __call__
    return self._mock_call(*args, **kwargs)
           ^^^^^^^^^^^^^^^^^^^^^^^^^^^^^^^^
  File "C:\Program Files\WindowsApps\PythonSoftwareFoundation.Python.3.11_3.11.2544.0_x64__qbz5n2kfra8p0\Lib\unittest\mock.py", line 1128, in _mock_call
    return self._execute_mock_call(*args, **kwargs)
           ^^^^^^^^^^^^^^^^^^^^^^^^^^^^^^^^^^^^^^^^
  File "C:\Program Files\WindowsApps\PythonSoftwareFoundation.Python.3.11_3.11.2544.0_x64__qbz5n2kfra8p0\Lib\unittest\mock.py", line 1183, in _execute_mock_call
    raise effect
FileNotFoundError
2025-02-18 14:21:37,917 [DEBUG] KartenWarp: SceneState.__init__
2025-02-18 14:21:37,917 [DEBUG] KartenWarp: InteractiveScene initialized for game
2025-02-18 14:21:37,917 [DEBUG] KartenWarp: InteractiveScene initialized for real
2025-02-18 14:21:37,917 [DEBUG] KartenWarp: InteractiveView.__init__
2025-02-18 14:21:37,933 [DEBUG] KartenWarp: InteractiveView.__init__
2025-02-18 14:21:37,933 [DEBUG] KartenWarp: Menus created
2025-02-18 14:21:37,933 [DEBUG] KartenWarp: MainWindow initialized
2025-02-18 14:21:37,933 [DEBUG] KartenWarp: Getting dark mode stylesheet
2025-02-18 14:21:37,949 [INFO] KartenWarp: Game image loading cancelled
2025-02-18 14:21:37,949 [INFO] KartenWarp: User confirmed exit. Closing application.
2025-02-18 14:21:37,949 [DEBUG] KartenWarp: SceneState.__init__
2025-02-18 14:21:37,949 [DEBUG] KartenWarp: InteractiveScene initialized for game
2025-02-18 14:21:37,949 [DEBUG] KartenWarp: InteractiveScene initialized for real
2025-02-18 14:21:37,949 [DEBUG] KartenWarp: InteractiveView.__init__
2025-02-18 14:21:37,949 [DEBUG] KartenWarp: InteractiveView.__init__
2025-02-18 14:21:37,949 [DEBUG] KartenWarp: Menus created
2025-02-18 14:21:37,949 [DEBUG] KartenWarp: MainWindow initialized
2025-02-18 14:21:37,949 [DEBUG] KartenWarp: Getting dark mode stylesheet
2025-02-18 14:21:37,977 [DEBUG] KartenWarp: OptionsDialog initialized
2025-02-18 14:21:37,982 [DEBUG] KartenWarp: Menus created
2025-02-18 14:21:37,983 [DEBUG] KartenWarp: Getting dark mode stylesheet
2025-02-18 14:21:37,987 [DEBUG] KartenWarp: Options dialog accepted and settings updated
2025-02-18 14:21:37,987 [INFO] KartenWarp: User confirmed exit. Closing application.
2025-02-18 14:21:37,998 [DEBUG] KartenWarp: SceneState.__init__
2025-02-18 14:21:37,998 [DEBUG] KartenWarp: InteractiveScene initialized for game
2025-02-18 14:21:37,998 [DEBUG] KartenWarp: InteractiveScene initialized for real
2025-02-18 14:21:37,998 [DEBUG] KartenWarp: InteractiveView.__init__
2025-02-18 14:21:37,999 [DEBUG] KartenWarp: InteractiveView.__init__
2025-02-18 14:21:38,000 [DEBUG] KartenWarp: Menus created
2025-02-18 14:21:38,000 [DEBUG] KartenWarp: MainWindow initialized
2025-02-18 14:21:38,000 [DEBUG] KartenWarp: Getting dark mode stylesheet
2025-02-18 14:21:38,011 [DEBUG] KartenWarp: DetachedWindow initialized
2025-02-18 14:21:38,011 [DEBUG] KartenWarp: Getting dark mode stylesheet
2025-02-18 14:21:38,011 [DEBUG] KartenWarp: DetachedWindow initialized
2025-02-18 14:21:38,011 [DEBUG] KartenWarp: Getting dark mode stylesheet
2025-02-18 14:21:38,043 [INFO] KartenWarp: Entered detached mode
2025-02-18 14:21:38,043 [DEBUG] KartenWarp: Mode toggled to 分離モード
2025-02-18 14:21:38,043 [DEBUG] KartenWarp: DetachedWindow forced close, skipping confirm dialog
2025-02-18 14:21:38,043 [DEBUG] KartenWarp: DetachedWindow force closed
2025-02-18 14:21:38,051 [DEBUG] KartenWarp: DetachedWindow forced close, skipping confirm dialog
2025-02-18 14:21:38,056 [DEBUG] KartenWarp: DetachedWindow force closed
2025-02-18 14:21:38,065 [INFO] KartenWarp: Returned to integrated mode
2025-02-18 14:21:38,066 [DEBUG] KartenWarp: Mode toggled to 統合モード
2025-02-18 14:21:38,066 [INFO] KartenWarp: User confirmed exit. Closing application.
2025-02-18 14:21:38,070 [DEBUG] KartenWarp: SceneState.__init__
2025-02-18 14:21:38,070 [DEBUG] KartenWarp: InteractiveScene initialized for game
2025-02-18 14:21:38,070 [DEBUG] KartenWarp: InteractiveScene initialized for real
2025-02-18 14:21:38,070 [DEBUG] KartenWarp: InteractiveView.__init__
2025-02-18 14:21:38,071 [DEBUG] KartenWarp: InteractiveView.__init__
2025-02-18 14:21:38,072 [DEBUG] KartenWarp: Menus created
2025-02-18 14:21:38,072 [DEBUG] KartenWarp: MainWindow initialized
2025-02-18 14:21:38,072 [DEBUG] KartenWarp: Getting dark mode stylesheet
2025-02-18 14:21:38,075 [INFO] KartenWarp: User confirmed exit. Closing application.
2025-02-18 14:21:38,089 [DEBUG] KartenWarp: OptionsDialog initialized
2025-02-18 14:21:38,089 [DEBUG] KartenWarp: OptionsDialog accept triggered
2025-02-18 14:21:38,089 [ERROR] KartenWarp: TPS regularization parameter invalid
Traceback (most recent call last):
  File "C:\Github\TR_mod\.tools\KartenWarp\dev\kartenwarp\ui\options_dialog.py", line 111, in accept
    raise ValueError("Regularization parameter must be positive.")
ValueError: Regularization parameter must be positive.
2025-02-18 14:21:38,089 [DEBUG] KartenWarp: SceneState.__init__
2025-02-18 14:21:38,089 [DEBUG] KartenWarp: Updating game points: [[10, 20], [30, 40]]
2025-02-18 14:21:38,089 [DEBUG] KartenWarp: Updating real points: [[50, 60], [70, 80]]
2025-02-18 14:21:38,089 [DEBUG] KartenWarp: Saving project to C:\Users\I_kor\AppData\Local\Temp\tmplqc1q876\test_project.kwproj
2025-02-18 14:21:38,089 [INFO] KartenWarp: Project saved successfully: C:\Users\I_kor\AppData\Local\Temp\tmplqc1q876\test_project.kwproj
2025-02-18 14:21:38,089 [DEBUG] KartenWarp: Loading project from C:\Users\I_kor\AppData\Local\Temp\tmplqc1q876\test_project.kwproj
2025-02-18 14:21:38,089 [INFO] KartenWarp: Project loaded successfully: C:\Users\I_kor\AppData\Local\Temp\tmplqc1q876\test_project.kwproj
2025-02-18 14:21:38,105 [DEBUG] KartenWarp: SceneState.__init__
2025-02-18 14:21:38,105 [DEBUG] KartenWarp: Saving project to C:\Users\I_kor\AppData\Local\Temp\tmpztzef3p6\test_project.kwproj
2025-02-18 14:21:38,105 [INFO] KartenWarp: Project saved successfully: C:\Users\I_kor\AppData\Local\Temp\tmpztzef3p6\test_project.kwproj
2025-02-18 14:21:38,105 [DEBUG] KartenWarp: Loading project from C:\Users\I_kor\AppData\Local\Temp\tmpztzef3p6\test_project.kwproj
2025-02-18 14:21:38,105 [INFO] KartenWarp: Project loaded successfully: C:\Users\I_kor\AppData\Local\Temp\tmpztzef3p6\test_project.kwproj
2025-02-18 14:21:38,105 [DEBUG] KartenWarp: Initializing ResultWindow
2025-02-18 14:21:38,105 [DEBUG] KartenWarp: Getting dark mode stylesheet
2025-02-18 14:21:38,121 [DEBUG] KartenWarp: Active scene set
2025-02-18 14:21:38,137 [DEBUG] KartenWarp: Active scene set
2025-02-18 14:21:38,137 [DEBUG] KartenWarp: Active scene set
2025-02-18 14:21:38,137 [DEBUG] KartenWarp: Active scene set
2025-02-18 14:21:38,137 [DEBUG] KartenWarp: Active scene set
2025-02-18 14:21:38,168 [INFO] KartenWarp: Export cancelled by user
2025-02-18 14:21:42,622 [INFO] KartenWarp: Exported scene to C:/temp/dummy_export.png
2025-02-18 14:21:42,766 [DEBUG] KartenWarp: Initializing ResultWindow
2025-02-18 14:21:42,766 [DEBUG] KartenWarp: Getting dark mode stylesheet
2025-02-18 14:21:42,830 [DEBUG] KartenWarp: SceneState.__init__
2025-02-18 14:21:42,830 [DEBUG] KartenWarp: InteractiveScene initialized for game
2025-02-18 14:21:42,830 [DEBUG] KartenWarp: InteractiveScene initialized for real
2025-02-18 14:21:42,830 [DEBUG] KartenWarp: Updating game points: [[10, 10], [20, 20], [30, 30]]
2025-02-18 14:21:42,830 [DEBUG] KartenWarp: Updating real points: [[10, 10], [20, 20], [30, 30]]
2025-02-18 14:21:42,845 [DEBUG] KartenWarp.Transform: Starting perform_transformation
2025-02-18 14:21:42,845 [DEBUG] KartenWarp: Converting QImage to NumPy array
2025-02-18 14:21:42,845 [DEBUG] KartenWarp.Transform: Computing TPS parameters
2025-02-18 14:21:42,845 [DEBUG] KartenWarp: SceneState.__init__
2025-02-18 14:21:42,845 [DEBUG] KartenWarp: InteractiveScene initialized for game
2025-02-18 14:21:42,845 [DEBUG] KartenWarp: InteractiveScene initialized for real
2025-02-18 14:21:42,845 [DEBUG] KartenWarp: Updating game points: [[10, 10], [20, 20], [30, 30]]
2025-02-18 14:21:42,845 [DEBUG] KartenWarp: Updating real points: [[10, 10], [20, 20], [30, 30]]
2025-02-18 14:21:42,845 [DEBUG] KartenWarp.Transform: Starting perform_tps_transform
2025-02-18 14:21:42,845 [ERROR] KartenWarp.Transform: Game image not loaded
2025-02-18 14:21:42,845 [DEBUG] KartenWarp: Getting dark mode stylesheet
2025-02-18 14:21:42,845 [DEBUG] KartenWarp.Transform: Starting perform_transformation
2025-02-18 14:21:42,845 [DEBUG] KartenWarp: Converting QImage to NumPy array
2025-02-18 14:21:42,845 [DEBUG] KartenWarp.Transform: Computing TPS parameters
2025-02-18 14:21:42,845 [DEBUG] KartenWarp.Transform: Adaptive enabled: adjusted reg_lambda = 8.533333333333335
2025-02-18 14:21:42,845 [DEBUG] KartenWarp.Transform: TPS parameters computed
2025-02-18 14:21:42,845 [DEBUG] KartenWarp.Transform: Applying TPS warp
2025-02-18 14:21:42,845 [DEBUG] KartenWarp.Transform: TPS warp applied
2025-02-18 14:21:42,845 [DEBUG] KartenWarp.Transform: Transformation performed successfully
2025-02-18 14:21:42,845 [DEBUG] KartenWarp.Transform: Starting perform_transformation
2025-02-18 14:21:42,845 [ERROR] KartenWarp.Transform: Insufficient correspondence points
2025-02-18 14:21:42,845 [DEBUG] KartenWarp.Transform: Starting perform_transformation
2025-02-18 14:21:42,845 [DEBUG] KartenWarp: Converting QImage to NumPy array
2025-02-18 14:21:42,845 [DEBUG] KartenWarp.Transform: Computing TPS parameters
2025-02-18 14:21:42,845 [DEBUG] KartenWarp.Transform: TPS parameters computed
2025-02-18 14:21:42,845 [DEBUG] KartenWarp.Transform: Applying TPS warp
2025-02-18 14:21:42,845 [DEBUG] KartenWarp.Transform: TPS warp applied
2025-02-18 14:21:42,845 [DEBUG] KartenWarp.Transform: Transformation performed successfully
2025-02-18 14:21:42,845 [DEBUG] KartenWarp: Exporting scene to C:\Users\I_kor\AppData\Local\Temp\tmpfy16f_xn
2025-02-18 14:21:42,845 [INFO] KartenWarp: Scene exported as C:\Users\I_kor\AppData\Local\Temp\tmpfy16f_xn\exported_scene.png
2025-02-18 14:21:42,861 [DEBUG] KartenWarp: Exporting scene to C:\Users\I_kor\AppData\Local\Temp\tmpc4cbyi5g
2025-02-18 14:21:42,862 [INFO] KartenWarp: Scene exported as C:\Users\I_kor\AppData\Local\Temp\tmpc4cbyi5g\exported_scene_1.png
2025-02-18 14:21:42,862 [DEBUG] KartenWarp: Exporting scene to C:\Users\I_kor\AppData\Local\Temp\tmp7xczzoi5\test_export.png
2025-02-18 14:21:42,862 [INFO] KartenWarp: Scene exported as C:\Users\I_kor\AppData\Local\Temp\tmp7xczzoi5\test_export.png
2025-02-18 14:21:42,862 [DEBUG] KartenWarp: Converting QImage to NumPy array
